=========================================================
ðŸŸ¦ SDG 2025 RUN LOG
Start time:  2025-06-12 14:58:51 
Log file:  D:\jazevedo\GitHub\09_others\091_logs\log_run_20250612_145851.txt 
=========================================================


--- Executing:  012_run.R  [ D:/jazevedo/GitHub/mytasks/PROD-SDG-REP-2025/01_data/012_codes/012_run.R ] ---

> # Purpose: Run selected scripts TASK 01 
> # Main Script: 012_run.R
> # Author: Joao Pedro Azevedo
> # Date: 2025-06-12
> 
> # Define base path
> ba .... [TRUNCATED] 

> # Available scripts
> available_scripts <- c(
+   "0120_create_country_metadata.R",
+   "0121_get_data_api.R",
+   "0122_create_target_master.R",
+  .... [TRUNCATED] 

> # ---- OPTION TO SELECT SCRIPTS ----
> 
> # Option 1: Run all (default)
> scripts_to_run <- available_scripts

> # Option 2: Uncomment to manually select scripts by index
> # selected_indices <- c(1, 3, 5)
> # scripts_to_run <- available_scripts[selected_indice .... [TRUNCATED] 

> for (script in scripts_to_run) {
+   full_path <- file.path(base_path, script)
+   if (!file.exists(full_path)) {
+     warning("âš  File not found: " .... [TRUNCATED] 

> #-------------------------------------------------------------------#
> # Project: PREP-SDG-REPORT-2025
> # Sector: UNICEF Education Data & Analytic .... [TRUNCATED] 

> unicef_countries <- unique(unf_rep_regions$ISO3Code)

> # since there are multiple SDG classifications, we need to create a vector of unique SDG region codes 
> sdg_reg_codes <- c("UNSDG_CENTRALASIASOUTHE ..." ... [TRUNCATED] 

> sdg_regions <-
+   read.csv("https://raw.githubusercontent.com/unicef-drp/Country-and-Region-Metadata/refs/heads/main/output/UNSDG_REGION_GLOBAL.csv ..." ... [TRUNCATED] 

> # View(sdg_regions)
> 
> # World Bank Income groupings 
> wb_income_groups <-
+   read.csv("https://raw.githubusercontent.com/unicef-drp/Country-and ..." ... [TRUNCATED] 

> # Create a joint country file
> country_file <-
+   unf_rep_regions %>%
+   left_join(sdg_regions) %>%
+   left_join(wb_income_groups) %>%
+   renam .... [TRUNCATED] 

> # View(country_file)
> 
> # write the file to the database
> write.csv(country_file, file.path(metaData, "country_metadata_master.csv"), row.names = .... [TRUNCATED] 

> #-------------------------------------------------------------------
> # Project: PREP-SDG-REPORT-2025
> # Sector: UNICEF Education Data & Analytics .... [TRUNCATED] 

> ilo_neet_api <- get_ilostat(id = "SDG_0861_SEX_RT_A",     segment = "indicator") 

> ilo_pov_api  <- get_ilostat(id = "SDG_0131_SEX_SOC_RT_A", segment = "indicator") ### add total contig in addition to chiild

> # ------ Writing the csv files 
> write.csv(ilo_cl_api, file.path(rawData , "api_ilo_cl.csv"))

> write.csv(ilo_neet_api, file.path(rawData , "api_ilo_neet.csv"))

> write.csv(ilo_pov_api, file.path(rawData , "api_ilo_pov.csv"))

> # View(ilo_cl)
> # View(ilo_pov)
> 
> ### Download from WB API poverty
> 
> # pov_cache <- wb_cache()
> # View(pov_cache)
> # 
> # wb_inds <- pov_ca .... [TRUNCATED] 

> wb_pov <- wb_data(indicator = wb_pov_inds, 
+                    start_date = 2000, end_date = 2024)

> # View(wb_pov)
> 
> write.csv(wb_pov, file.path(rawData , "api_wb_pov.csv"))

> #### UNICEF DW
> sdg_mortality    <- "https://sdmx.data.unicef.org/ws/public/sdmxapi/rest/data/UNICEF,CME,1.0/.CME_MRM0+CME_MRY0T4..?format=csv&labe ..." ... [TRUNCATED] 

> sdg_nutrition    <- "https://sdmx.data.unicef.org/ws/public/sdmxapi/rest/data/UNICEF,NUTRITION,1.0/.NT_ANT_HAZ_NE2_MOD+NT_ANT_WHZ_NE2+NT_ANT_WHZ_PO2 ..." ... [TRUNCATED] 

> # separate file for wasting cause it has a selected time series
> sdg_wasting      <- "https://sdmx.data.unicef.org/ws/public/sdmxapi/rest/data/UNIC ..." ... [TRUNCATED] 

> sdg_education    <- "https://sdmx.data.unicef.org/ws/public/sdmxapi/rest/data/UNICEF,EDUCATION_UIS_SDG,1.0/.ED_ANAR_L02+ED_CR_L1_UIS_MOD+ED_CR_L2_UI ..." ... [TRUNCATED] 

> sdg_anaemia      <- "https://sdmx.data.unicef.org/ws/public/sdmxapi/rest/data/UNICEF,NUTRITION,1.0/.NT_ANE_WOM_15_49_MOD......?format=csv&labels=bot ..." ... [TRUNCATED] 

> sdg_immunization <- "https://sdmx.data.unicef.org/ws/public/sdmxapi/rest/data/UNICEF,IMMUNISATION,1.0/.IM_DTP3+IM_MCV1..?format=csv&labels=both"

> sdg_hiv          <- "https://sdmx.data.unicef.org/ws/public/sdmxapi/rest/data/UNICEF,HIV_AIDS,1.0/.HVA_EPI_INF_RT.Y0T14+Y15T19....?format=csv&labels ..." ... [TRUNCATED] 

> sdg_wash         <- "https://sdmx.data.unicef.org/ws/public/sdmxapi/rest/data/UNICEF,WASH_HOUSEHOLDS,1.0/.WS_PPL_H-B+WS_PPL_S-ALB+WS_PPL_S-OD+WS_PPL ..." ... [TRUNCATED] 

> sdg_mnch         <- "https://sdmx.data.unicef.org/ws/public/sdmxapi/rest/data/UNICEF,MNCH,1.0/.MNCH_ABR+MNCH_INFDEC+MNCH_MMR+MNCH_SAB+MNCH_UHC...... ..." ... [TRUNCATED] 

> # sdg_mnch         <- "https://sdmx.data.unicef.org/ws/public/sdmxapi/rest/data/UNICEF,MNCH,1.0/.MNCH_ABR+MNCH_MMR+MNCH_SAB+MNCH_UHC.......?format=c ..." ... [TRUNCATED] 

> sdg_ecd          <- "https://sdmx.data.unicef.org/ws/public/sdmxapi/rest/data/UNICEF,ECD,1.0/.ECD_CHLD_LMPSL..........?format=csv&labels=both"

> sdg_chmrg        <- "https://sdmx.data.unicef.org/ws/public/sdmxapi/rest/data/UNICEF,PT_CM,1.0/.PT_F_20-24_MRD_U18_TND..........?format=csv&labels=b ..." ... [TRUNCATED] 

> sdg_fgm          <- "https://sdmx.data.unicef.org/ws/public/sdmxapi/rest/data/UNICEF,PT_FGM,1.0/.PT_F_15-49_FGM...........?format=csv&labels=both"

> # sdg_gndr         <- "https://sdmx.data.unicef.org/ws/public/sdmxapi/rest/data/UNICEF,GENDER,1.0/.GN_SG_LGL_GENEQEMP....?format=csv&labels=both"
>  .... [TRUNCATED] 

> sdg_ipfm         <- "https://sdmx.data.unicef.org/ws/public/sdmxapi/rest/data/UNICEF,PT,1.0/.PT_F_PS-SX_V_PTNR_12MNTH......?format=csv&labels=both"

> unf_dw_mort <-
+   read_csv(sdg_mortality) %>%
+   write.csv(file.path(rawData , "api_unf_mort.csv"), row.names = FALSE, na = "")
indexed 0B in  0s, 0B/sindexed 524.28kB in  0s, 2.45MB/sindexed 655.36kB in  0s, 3.05MB/sindexed 786.43kB in  0s, 3.61MB/sindexed 917.50kB in  0s, 4.07MB/s                                                                                                                indexed 1.05MB in  0s, 4.63MB/sindexed 1.18MB in  0s, 5.19MB/sindexed 1.31MB in  0s, 5.76MB/sindexed 1.44MB in  0s, 4.47MB/sindexed 1.57MB in  0s, 4.87MB/sindexed 1.70MB in  0s, 5.23MB/sindexed 1.83MB in  0s, 5.49MB/sindexed 1.97MB in  0s, 5.87MB/sindexed 2.10MB in  0s, 6.24MB/sindexed 2.23MB in  0s, 6.62MB/sindexed 2.36MB in  0s, 6.84MB/sindexed 2.49MB in  0s, 7.09MB/sindexed 2.62MB in  0s, 7.45MB/sindexed 2.75MB in  0s, 6.40MB/sindexed 2.88MB in  0s, 6.69MB/sindexed 3.01MB in  0s, 6.99MB/sindexed 3.15MB in  0s, 7.28MB/sindexed 3.28MB in  0s, 7.54MB/sindexed 3.41MB in  0s, 7.83MB/sindexed 3.54MB in  0s, 7.98MB/sindexed 3.67MB in  0s, 8.27MB/sindexed 3.80MB in  0s, 8.55MB/sindexed 3.93MB in  0s, 8.84MB/sindexed 4.06MB in  0s, 9.12MB/sindexed 4.19MB in  0s, 9.40MB/sindexed 4.33MB in  0s, 9.67MB/sindexed 4.46MB in  0s, 9.95MB/sindexed 4.59MB in  0s, 10.23MB/sindexed 4.72MB in  0s, 10.42MB/sindexed 4.85MB in  0s, 10.68MB/sindexed 4.98MB in  0s, 10.95MB/sindexed 5.11MB in  0s, 11.22MB/s                                                                                                                indexed 5.24MB in  1s, 9.58MB/sindexed 5.37MB in  1s, 9.73MB/sindexed 5.50MB in  1s, 9.95MB/sindexed 5.64MB in  1s, 10.17MB/sindexed 5.77MB in  1s, 10.40MB/sindexed 5.90MB in  1s, 10.63MB/sindexed 6.03MB in  1s, 10.85MB/sindexed 6.16MB in  1s, 11.07MB/sindexed 6.29MB in  1s, 11.30MB/sindexed 6.42MB in  1s, 11.52MB/sindexed 6.55MB in  1s, 11.69MB/sindexed 6.68MB in  1s, 11.91MB/sindexed 6.82MB in  1s, 12.13MB/sindexed 6.95MB in  1s, 12.35MB/sindexed 7.08MB in  1s, 12.57MB/sindexed 7.21MB in  1s, 12.79MB/sindexed 7.34MB in  1s, 13.01MB/sindexed 7.47MB in  1s, 13.23MB/sindexed 7.60MB in  1s, 13.40MB/sindexed 7.73MB in  1s, 13.61MB/sindexed 7.86MB in  1s, 13.83MB/sindexed 8.00MB in  1s, 14.05MB/sindexed 8.13MB in  1s, 14.26MB/sindexed 8.26MB in  1s, 14.48MB/sindexed 8.39MB in  1s, 14.69MB/sindexed 8.52MB in  1s, 14.91MB/sindexed 8.65MB in  1s, 15.03MB/sindexed 8.78MB in  1s, 15.25MB/sindexed 8.91MB in  1s, 15.46MB/sindexed 9.04MB in  1s, 15.67MB/sindexed 9.17MB in  1s, 15.88MB/sindexed 9.31MB in  1s, 16.09MB/sindexed 9.44MB in  1s, 16.31MB/sindexed 9.57MB in  1s, 16.52MB/sindexed 9.70MB in  1s, 16.73MB/sindexed 9.83MB in  1s, 16.94MB/sindexed 9.96MB in  1s, 17.11MB/sindexed 10.09MB in  1s, 17.32MB/sindexed 10.22MB in  1s, 17.52MB/sindexed 10.35MB in  1s, 17.73MB/sindexed 10.49MB in  1s, 17.94MB/sindexed 10.62MB in  1s, 18.14MB/sindexed 10.75MB in  1s, 16.22MB/sindexed 10.88MB in  1s, 16.35MB/sindexed 11.01MB in  1s, 16.48MB/sindexed 11.14MB in  1s, 16.66MB/sindexed 11.27MB in  1s, 16.83MB/sindexed 11.40MB in  1s, 17.01MB/sindexed 11.53MB in  1s, 17.19MB/sindexed 11.67MB in  1s, 17.37MB/sindexed 11.80MB in  1s, 17.55MB/sindexed 11.93MB in  1s, 17.73MB/sindexed 12.06MB in  1s, 17.91MB/sindexed 12.19MB in  1s, 18.02MB/sindexed 12.32MB in  1s, 18.20MB/sindexed 12.45MB in  1s, 18.38MB/sindexed 12.58MB in  1s, 18.56MB/sindexed 12.71MB in  1s, 18.73MB/sindexed 12.84MB in  1s, 18.91MB/sindexed 12.98MB in  1s, 19.09MB/sindexed 13.11MB in  1s, 19.26MB/sindexed 13.24MB in  1s, 19.33MB/sindexed 13.37MB in  1s, 19.51MB/sindexed 13.50MB in  1s, 19.68MB/sindexed 13.63MB in  1s, 19.85MB/sindexed 13.76MB in  1s, 20.02MB/sindexed 13.89MB in  1s, 20.19MB/sindexed 14.02MB in  1s, 20.37MB/sindexed 14.16MB in  1s, 20.54MB/sindexed 14.29MB in  1s, 20.70MB/sindexed 14.42MB in  1s, 20.87MB/sindexed 14.55MB in  1s, 20.99MB/sindexed 14.68MB in  1s, 21.16MB/sindexed 14.81MB in  1s, 21.33MB/sindexed 14.94MB in  1s, 21.50MB/sindexed 15.07MB in  1s, 21.67MB/sindexed 15.20MB in  1s, 21.84MB/sindexed 15.34MB in  1s, 21.92MB/sindexed 15.47MB in  1s, 21.62MB/sindexed 15.60MB in  1s, 21.78MB/sindexed 15.73MB in  1s, 21.92MB/sindexed 15.86MB in  1s, 22.08MB/sindexed 15.99MB in  1s, 22.21MB/sindexed 16.12MB in  1s, 22.35MB/sindexed 16.15MB in  1s, 22.37MB/s                                                                                                                indexed 2.15GB in  1s, 2.15GB/s                                                                                                                
> unf_dw_nutr <-
+   read_csv(sdg_nutrition) %>%
+   write.csv(file.path(rawData , "api_unf_nutr.csv"), row.names = FALSE, na = "")
indexed 0B in  0s, 0B/sindexed 1.83MB in  0s, 8.33MB/sindexed 1.97MB in  0s, 8.82MB/sindexed 2.10MB in  0s, 9.37MB/sindexed 2.23MB in  0s, 9.93MB/sindexed 2.36MB in  0s, 10.49MB/sindexed 2.49MB in  0s, 11.04MB/sindexed 2.62MB in  0s, 11.60MB/sindexed 2.75MB in  0s, 12.14MB/sindexed 2.88MB in  0s, 12.68MB/sindexed 3.01MB in  0s, 13.22MB/s                                                                                                                indexed 3.15MB in  0s, 9.50MB/sindexed 3.28MB in  0s, 9.87MB/sindexed 3.41MB in  0s, 10.24MB/sindexed 3.54MB in  0s, 10.61MB/sindexed 3.67MB in  0s, 10.97MB/sindexed 3.80MB in  0s, 11.34MB/sindexed 3.93MB in  0s, 11.71MB/sindexed 4.06MB in  0s, 12.08MB/sindexed 4.19MB in  0s, 12.44MB/sindexed 4.33MB in  0s, 12.81MB/sindexed 4.46MB in  0s, 13.18MB/sindexed 4.59MB in  0s, 13.17MB/sindexed 4.72MB in  0s, 13.52MB/sindexed 4.85MB in  0s, 13.88MB/sindexed 4.98MB in  0s, 14.23MB/sindexed 5.11MB in  0s, 14.58MB/sindexed 5.24MB in  0s, 14.93MB/sindexed 5.37MB in  0s, 15.28MB/sindexed 5.50MB in  0s, 15.62MB/sindexed 5.64MB in  0s, 15.97MB/sindexed 5.77MB in  0s, 16.32MB/sindexed 5.90MB in  0s, 16.66MB/sindexed 6.03MB in  0s, 17.00MB/sindexed 6.16MB in  0s, 17.34MB/sindexed 6.29MB in  0s, 17.68MB/sindexed 6.42MB in  0s, 18.02MB/sindexed 6.55MB in  0s, 18.36MB/sindexed 6.68MB in  0s, 15.31MB/sindexed 6.82MB in  0s, 15.58MB/sindexed 6.95MB in  0s, 15.86MB/sindexed 7.08MB in  0s, 16.14MB/sindexed 7.21MB in  0s, 16.38MB/sindexed 7.34MB in  0s, 16.66MB/sindexed 7.47MB in  0s, 16.94MB/sindexed 7.60MB in  0s, 17.21MB/sindexed 7.73MB in  1s, 14.73MB/sindexed 7.86MB in  1s, 14.95MB/sindexed 8.00MB in  1s, 15.18MB/sindexed 8.13MB in  1s, 15.41MB/sindexed 8.26MB in  1s, 15.64MB/sindexed 8.39MB in  1s, 15.87MB/sindexed 8.52MB in  1s, 16.10MB/sindexed 8.65MB in  1s, 16.33MB/sindexed 8.78MB in  1s, 16.56MB/sindexed 8.91MB in  1s, 16.79MB/sindexed 9.04MB in  1s, 17.02MB/sindexed 9.17MB in  1s, 17.25MB/sindexed 9.31MB in  1s, 17.48MB/sindexed 9.44MB in  1s, 17.71MB/sindexed 9.57MB in  1s, 17.93MB/sindexed 9.70MB in  1s, 18.16MB/sindexed 9.83MB in  1s, 18.39MB/sindexed 9.96MB in  1s, 18.61MB/sindexed 10.09MB in  1s, 18.84MB/sindexed 10.22MB in  1s, 19.05MB/sindexed 10.35MB in  1s, 19.28MB/sindexed 10.49MB in  1s, 19.50MB/sindexed 10.62MB in  1s, 19.73MB/sindexed 10.75MB in  1s, 19.95MB/sindexed 10.88MB in  1s, 20.17MB/sindexed 11.01MB in  1s, 20.40MB/sindexed 11.14MB in  1s, 20.62MB/sindexed 11.27MB in  1s, 20.84MB/sindexed 11.40MB in  1s, 21.06MB/sindexed 11.53MB in  1s, 21.27MB/sindexed 11.67MB in  1s, 21.49MB/sindexed 11.80MB in  1s, 21.70MB/sindexed 11.93MB in  1s, 21.93MB/sindexed 12.06MB in  1s, 22.15MB/sindexed 12.19MB in  1s, 22.36MB/sindexed 12.32MB in  1s, 22.58MB/sindexed 12.45MB in  1s, 22.80MB/sindexed 12.58MB in  1s, 23.01MB/sindexed 12.71MB in  1s, 23.23MB/sindexed 12.84MB in  1s, 23.45MB/sindexed 12.98MB in  1s, 23.67MB/sindexed 13.11MB in  1s, 23.87MB/sindexed 13.24MB in  1s, 24.09MB/sindexed 13.37MB in  1s, 24.30MB/sindexed 13.50MB in  1s, 24.51MB/sindexed 13.63MB in  1s, 24.47MB/sindexed 13.76MB in  1s, 24.67MB/sindexed 13.89MB in  1s, 24.88MB/sindexed 14.02MB in  1s, 25.09MB/sindexed 14.16MB in  1s, 22.89MB/sindexed 14.29MB in  1s, 23.01MB/sindexed 14.42MB in  1s, 23.19MB/sindexed 14.55MB in  1s, 23.38MB/sindexed 14.68MB in  1s, 23.57MB/sindexed 14.81MB in  1s, 23.76MB/sindexed 14.94MB in  1s, 23.95MB/sindexed 15.07MB in  1s, 24.14MB/sindexed 15.20MB in  1s, 24.33MB/sindexed 15.34MB in  1s, 24.52MB/sindexed 15.47MB in  1s, 24.71MB/sindexed 15.60MB in  1s, 24.89MB/sindexed 15.73MB in  1s, 25.08MB/sindexed 15.86MB in  1s, 25.27MB/sindexed 15.99MB in  1s, 25.46MB/sindexed 16.12MB in  1s, 25.65MB/sindexed 16.25MB in  1s, 25.83MB/sindexed 16.38MB in  1s, 26.02MB/sindexed 16.51MB in  1s, 26.21MB/sindexed 16.65MB in  1s, 26.39MB/sindexed 16.78MB in  1s, 26.58MB/sindexed 16.91MB in  1s, 26.77MB/sindexed 17.04MB in  1s, 26.94MB/sindexed 17.17MB in  1s, 27.13MB/sindexed 17.30MB in  1s, 27.31MB/sindexed 17.43MB in  1s, 27.49MB/sindexed 17.56MB in  1s, 27.67MB/sindexed 17.69MB in  1s, 27.85MB/sindexed 17.83MB in  1s, 28.03MB/sindexed 17.96MB in  1s, 28.21MB/sindexed 18.09MB in  1s, 28.40MB/sindexed 18.22MB in  1s, 28.58MB/sindexed 18.35MB in  1s, 28.76MB/sindexed 18.48MB in  1s, 28.94MB/sindexed 18.61MB in  1s, 29.12MB/sindexed 18.74MB in  1s, 29.30MB/sindexed 18.87MB in  1s, 29.47MB/sindexed 19.01MB in  1s, 29.66MB/sindexed 19.14MB in  1s, 29.83MB/sindexed 19.27MB in  1s, 30.01MB/sindexed 19.40MB in  1s, 27.08MB/sindexed 19.53MB in  1s, 27.24MB/sindexed 19.66MB in  1s, 27.40MB/sindexed 19.79MB in  1s, 27.56MB/sindexed 19.92MB in  1s, 27.72MB/sindexed 20.05MB in  1s, 27.88MB/sindexed 20.18MB in  1s, 28.05MB/sindexed 20.32MB in  1s, 28.21MB/sindexed 20.45MB in  1s, 28.37MB/sindexed 20.58MB in  1s, 28.52MB/sindexed 20.71MB in  1s, 28.68MB/sindexed 20.84MB in  1s, 28.83MB/sindexed 20.97MB in  1s, 28.99MB/sindexed 21.10MB in  1s, 29.14MB/sindexed 21.23MB in  1s, 29.29MB/sindexed 21.36MB in  1s, 29.45MB/sindexed 21.50MB in  1s, 29.61MB/sindexed 21.63MB in  1s, 29.76MB/sindexed 21.76MB in  1s, 29.92MB/sindexed 21.89MB in  1s, 30.08MB/sindexed 22.02MB in  1s, 30.23MB/sindexed 22.15MB in  1s, 30.39MB/sindexed 22.28MB in  1s, 30.55MB/sindexed 22.41MB in  1s, 30.71MB/sindexed 22.54MB in  1s, 30.86MB/sindexed 22.68MB in  1s, 31.02MB/sindexed 22.81MB in  1s, 31.17MB/sindexed 22.94MB in  1s, 31.33MB/sindexed 23.07MB in  1s, 31.49MB/sindexed 23.20MB in  1s, 31.64MB/sindexed 23.33MB in  1s, 31.79MB/sindexed 23.46MB in  1s, 31.94MB/sindexed 23.59MB in  1s, 32.10MB/sindexed 23.72MB in  1s, 32.25MB/sindexed 23.85MB in  1s, 32.40MB/sindexed 23.99MB in  1s, 32.56MB/sindexed 24.12MB in  1s, 32.71MB/sindexed 24.25MB in  1s, 32.86MB/sindexed 24.38MB in  1s, 33.02MB/sindexed 24.51MB in  1s, 33.16MB/sindexed 24.64MB in  1s, 33.31MB/sindexed 24.77MB in  1s, 33.46MB/sindexed 24.90MB in  1s, 33.62MB/sindexed 25.03MB in  1s, 33.77MB/sindexed 25.17MB in  1s, 33.92MB/sindexed 25.30MB in  1s, 30.86MB/sindexed 25.43MB in  1s, 30.99MB/sindexed 25.56MB in  1s, 31.13MB/sindexed 25.69MB in  1s, 31.27MB/sindexed 25.82MB in  1s, 31.40MB/sindexed 25.95MB in  1s, 31.54MB/sindexed 26.08MB in  1s, 31.68MB/sindexed 26.21MB in  1s, 31.82MB/sindexed 26.35MB in  1s, 31.96MB/sindexed 26.48MB in  1s, 32.10MB/sindexed 26.61MB in  1s, 32.24MB/sindexed 26.74MB in  1s, 32.38MB/sindexed 26.87MB in  1s, 32.51MB/sindexed 27.00MB in  1s, 32.65MB/sindexed 27.13MB in  1s, 32.79MB/sindexed 27.26MB in  1s, 32.93MB/sindexed 27.39MB in  1s, 33.07MB/sindexed 27.52MB in  1s, 33.20MB/sindexed 27.66MB in  1s, 33.33MB/sindexed 27.79MB in  1s, 33.46MB/sindexed 27.92MB in  1s, 33.60MB/sindexed 28.05MB in  1s, 33.74MB/sindexed 28.18MB in  1s, 33.87MB/sindexed 28.31MB in  1s, 33.87MB/sindexed 28.44MB in  1s, 34.00MB/sindexed 28.57MB in  1s, 34.13MB/sindexed 28.70MB in  1s, 34.26MB/sindexed 28.84MB in  1s, 34.40MB/sindexed 28.97MB in  1s, 34.53MB/sindexed 29.10MB in  1s, 34.67MB/sindexed 29.23MB in  1s, 34.80MB/sindexed 29.36MB in  1s, 34.93MB/sindexed 29.49MB in  1s, 35.07MB/sindexed 29.62MB in  1s, 35.20MB/sindexed 29.75MB in  1s, 35.33MB/sindexed 29.88MB in  1s, 35.46MB/sindexed 30.02MB in  1s, 35.59MB/sindexed 30.15MB in  1s, 35.73MB/sindexed 30.28MB in  1s, 35.85MB/sindexed 30.41MB in  1s, 35.99MB/sindexed 30.54MB in  1s, 36.12MB/sindexed 30.67MB in  1s, 36.25MB/sindexed 30.80MB in  1s, 36.38MB/sindexed 30.93MB in  1s, 36.52MB/sindexed 31.06MB in  1s, 36.65MB/sindexed 31.19MB in  1s, 36.78MB/sindexed 31.33MB in  1s, 34.44MB/sindexed 31.46MB in  1s, 34.56MB/sindexed 31.59MB in  1s, 34.68MB/sindexed 31.72MB in  1s, 34.80MB/sindexed 31.85MB in  1s, 34.93MB/sindexed 31.98MB in  1s, 35.05MB/sindexed 32.11MB in  1s, 35.17MB/sindexed 32.24MB in  1s, 35.30MB/sindexed 32.37MB in  1s, 35.42MB/sindexed 32.51MB in  1s, 35.54MB/sindexed 32.64MB in  1s, 35.67MB/sindexed 32.77MB in  1s, 35.79MB/sindexed 32.90MB in  1s, 35.91MB/sindexed 33.03MB in  1s, 36.03MB/sindexed 33.16MB in  1s, 36.16MB/sindexed 33.29MB in  1s, 36.28MB/sindexed 33.42MB in  1s, 36.40MB/sindexed 33.55MB in  1s, 36.52MB/sindexed 33.69MB in  1s, 36.64MB/sindexed 33.82MB in  1s, 36.76MB/sindexed 33.95MB in  1s, 36.88MB/sindexed 34.08MB in  1s, 37.00MB/sindexed 34.21MB in  1s, 37.12MB/sindexed 34.34MB in  1s, 37.23MB/sindexed 34.47MB in  1s, 37.35MB/sindexed 34.60MB in  1s, 37.47MB/sindexed 34.73MB in  1s, 37.58MB/sindexed 34.86MB in  1s, 37.70MB/sindexed 35.00MB in  1s, 37.79MB/sindexed 35.13MB in  1s, 37.91MB/sindexed 35.26MB in  1s, 38.02MB/sindexed 35.39MB in  1s, 38.13MB/sindexed 35.52MB in  1s, 38.23MB/sindexed 35.65MB in  1s, 38.31MB/sindexed 35.78MB in  1s, 38.42MB/sindexed 35.91MB in  1s, 38.54MB/sindexed 36.04MB in  1s, 38.65MB/sindexed 36.18MB in  1s, 38.73MB/sindexed 36.31MB in  1s, 38.76MB/sindexed 36.44MB in  1s, 38.88MB/sindexed 36.57MB in  1s, 38.03MB/sindexed 36.70MB in  1s, 38.13MB/sindexed 36.83MB in  1s, 38.25MB/sindexed 36.96MB in  1s, 38.36MB/sindexed 37.09MB in  1s, 38.48MB/sindexed 37.22MB in  1s, 38.59MB/sindexed 37.36MB in  1s, 38.68MB/sindexed 37.49MB in  1s, 38.79MB/sindexed 37.62MB in  1s, 38.91MB/sindexed 37.75MB in  1s, 39.02MB/sindexed 37.88MB in  1s, 39.13MB/sindexed 38.01MB in  1s, 39.24MB/sindexed 38.14MB in  1s, 39.34MB/sindexed 38.27MB in  1s, 39.45MB/sindexed 38.40MB in  1s, 39.56MB/sindexed 38.53MB in  1s, 39.67MB/sindexed 38.67MB in  1s, 39.78MB/sindexed 38.80MB in  1s, 39.89MB/sindexed 38.93MB in  1s, 40.00MB/sindexed 39.06MB in  1s, 40.11MB/sindexed 39.19MB in  1s, 40.22MB/sindexed 39.32MB in  1s, 40.33MB/sindexed 39.45MB in  1s, 40.44MB/sindexed 39.58MB in  1s, 40.56MB/sindexed 39.65MB in  1s, 40.60MB/s                                                                                                                indexed 2.15GB in  1s, 2.15GB/s                                                                                                                
> unf_dw_nutr <-
+   read_csv(sdg_wasting) %>%
+   write.csv(file.path(rawData , "api_unf_nutr_wast.csv"), row.names = FALSE, na = "")
indexed 0B in  0s, 0B/sindexed 2.23MB in  0s, 9.24MB/sindexed 2.36MB in  0s, 9.75MB/sindexed 2.49MB in  0s, 10.27MB/sindexed 2.62MB in  0s, 10.79MB/sindexed 2.75MB in  0s, 11.30MB/sindexed 2.88MB in  0s, 11.82MB/sindexed 3.01MB in  0s, 12.33MB/sindexed 3.15MB in  0s, 12.83MB/sindexed 3.28MB in  0s, 13.34MB/sindexed 3.41MB in  0s, 13.84MB/sindexed 3.54MB in  0s, 14.35MB/sindexed 3.67MB in  0s, 14.84MB/sindexed 3.80MB in  0s, 15.31MB/sindexed 3.93MB in  0s, 15.79MB/sindexed 4.06MB in  0s, 16.30MB/sindexed 4.19MB in  0s, 16.78MB/sindexed 4.33MB in  0s, 17.25MB/sindexed 4.46MB in  0s, 17.74MB/sindexed 4.59MB in  0s, 18.22MB/sindexed 4.72MB in  0s, 18.70MB/sindexed 4.85MB in  0s, 19.17MB/sindexed 4.98MB in  0s, 19.64MB/sindexed 5.11MB in  0s, 20.12MB/sindexed 5.24MB in  0s, 20.59MB/sindexed 5.37MB in  0s, 21.05MB/sindexed 5.50MB in  0s, 21.52MB/sindexed 5.64MB in  0s, 21.98MB/sindexed 5.77MB in  0s, 22.45MB/sindexed 5.90MB in  0s, 15.44MB/sindexed 6.03MB in  0s, 15.75MB/sindexed 6.16MB in  0s, 16.07MB/sindexed 6.29MB in  0s, 16.39MB/sindexed 6.42MB in  0s, 16.71MB/sindexed 6.55MB in  0s, 17.02MB/sindexed 6.68MB in  0s, 17.34MB/sindexed 6.82MB in  0s, 17.66MB/sindexed 6.95MB in  0s, 17.96MB/sindexed 7.08MB in  0s, 18.27MB/sindexed 7.21MB in  0s, 18.55MB/sindexed 7.34MB in  0s, 18.86MB/sindexed 7.47MB in  0s, 19.17MB/sindexed 7.60MB in  0s, 19.48MB/sindexed 7.73MB in  0s, 19.79MB/sindexed 7.86MB in  0s, 20.10MB/sindexed 8.00MB in  0s, 20.41MB/sindexed 8.13MB in  0s, 20.71MB/sindexed 8.26MB in  0s, 21.02MB/sindexed 8.39MB in  0s, 21.32MB/sindexed 8.52MB in  0s, 21.63MB/sindexed 8.65MB in  0s, 21.93MB/sindexed 8.78MB in  0s, 22.23MB/sindexed 8.91MB in  0s, 22.54MB/sindexed 9.04MB in  0s, 22.83MB/sindexed 9.17MB in  0s, 23.13MB/sindexed 9.31MB in  0s, 23.42MB/sindexed 9.44MB in  0s, 23.72MB/sindexed 9.57MB in  0s, 24.01MB/sindexed 9.70MB in  0s, 24.31MB/sindexed 9.83MB in  0s, 24.61MB/sindexed 9.96MB in  0s, 24.90MB/sindexed 10.09MB in  0s, 25.19MB/sindexed 10.22MB in  0s, 25.49MB/sindexed 10.35MB in  0s, 25.78MB/sindexed 10.49MB in  0s, 26.07MB/sindexed 10.62MB in  0s, 26.35MB/sindexed 10.75MB in  0s, 26.64MB/sindexed 10.88MB in  0s, 26.93MB/sindexed 11.01MB in  0s, 27.22MB/sindexed 11.14MB in  0s, 27.50MB/sindexed 11.27MB in  0s, 27.54MB/sindexed 11.40MB in  0s, 27.82MB/sindexed 11.53MB in  0s, 28.10MB/sindexed 11.67MB in  0s, 28.39MB/sindexed 11.80MB in  0s, 28.67MB/sindexed 11.93MB in  0s, 28.95MB/sindexed 12.06MB in  0s, 29.21MB/sindexed 12.19MB in  0s, 29.51MB/sindexed 12.32MB in  0s, 29.79MB/sindexed 12.45MB in  0s, 30.07MB/sindexed 12.58MB in  0s, 30.34MB/sindexed 12.71MB in  0s, 30.62MB/sindexed 12.84MB in  0s, 29.41MB/sindexed 12.98MB in  0s, 29.65MB/sindexed 13.11MB in  0s, 29.90MB/sindexed 13.24MB in  0s, 30.16MB/sindexed 13.37MB in  0s, 30.42MB/sindexed 13.50MB in  0s, 30.68MB/sindexed 13.63MB in  0s, 30.93MB/sindexed 13.76MB in  0s, 31.19MB/sindexed 13.89MB in  0s, 31.44MB/sindexed 14.02MB in  0s, 31.71MB/sindexed 14.16MB in  0s, 31.96MB/sindexed 14.29MB in  0s, 32.22MB/sindexed 14.42MB in  0s, 32.36MB/sindexed 14.55MB in  0s, 32.61MB/sindexed 14.68MB in  1s, 28.71MB/sindexed 14.81MB in  1s, 28.92MB/sindexed 14.94MB in  1s, 29.15MB/sindexed 15.07MB in  1s, 29.36MB/sindexed 15.20MB in  1s, 29.59MB/sindexed 15.34MB in  1s, 29.82MB/sindexed 15.47MB in  1s, 30.04MB/sindexed 15.60MB in  1s, 30.26MB/sindexed 15.73MB in  1s, 30.49MB/sindexed 15.86MB in  1s, 30.70MB/sindexed 15.99MB in  1s, 30.91MB/sindexed 16.12MB in  1s, 31.12MB/sindexed 16.25MB in  1s, 31.34MB/sindexed 16.38MB in  1s, 31.56MB/sindexed 16.51MB in  1s, 31.78MB/sindexed 16.65MB in  1s, 31.99MB/sindexed 16.78MB in  1s, 32.21MB/sindexed 16.91MB in  1s, 32.42MB/sindexed 17.04MB in  1s, 32.64MB/sindexed 17.17MB in  1s, 32.86MB/sindexed 17.30MB in  1s, 33.08MB/sindexed 17.43MB in  1s, 33.29MB/sindexed 17.56MB in  1s, 33.51MB/sindexed 17.69MB in  1s, 33.73MB/sindexed 17.83MB in  1s, 33.94MB/sindexed 17.96MB in  1s, 34.16MB/sindexed 18.09MB in  1s, 34.36MB/sindexed 18.22MB in  1s, 34.57MB/sindexed 18.35MB in  1s, 34.78MB/sindexed 18.48MB in  1s, 35.00MB/sindexed 18.61MB in  1s, 35.21MB/sindexed 18.74MB in  1s, 35.42MB/sindexed 18.87MB in  1s, 35.64MB/sindexed 19.01MB in  1s, 35.84MB/sindexed 19.14MB in  1s, 36.05MB/sindexed 19.27MB in  1s, 36.27MB/sindexed 19.40MB in  1s, 36.48MB/sindexed 19.53MB in  1s, 36.69MB/sindexed 19.66MB in  1s, 36.90MB/sindexed 19.79MB in  1s, 37.11MB/sindexed 19.92MB in  1s, 37.32MB/sindexed 20.05MB in  1s, 33.53MB/sindexed 20.18MB in  1s, 33.71MB/sindexed 20.32MB in  1s, 33.89MB/sindexed 20.45MB in  1s, 34.08MB/sindexed 20.58MB in  1s, 34.25MB/sindexed 20.71MB in  1s, 34.44MB/sindexed 20.84MB in  1s, 34.63MB/sindexed 20.97MB in  1s, 34.82MB/sindexed 21.10MB in  1s, 34.98MB/sindexed 21.23MB in  1s, 35.17MB/sindexed 21.36MB in  1s, 35.36MB/sindexed 21.50MB in  1s, 35.55MB/sindexed 21.63MB in  1s, 35.73MB/sindexed 21.76MB in  1s, 35.92MB/sindexed 21.89MB in  1s, 36.10MB/sindexed 22.02MB in  1s, 36.29MB/sindexed 22.15MB in  1s, 36.46MB/sindexed 22.28MB in  1s, 36.65MB/sindexed 22.41MB in  1s, 36.83MB/sindexed 22.54MB in  1s, 37.01MB/sindexed 22.68MB in  1s, 37.20MB/sindexed 22.81MB in  1s, 37.38MB/sindexed 22.94MB in  1s, 37.56MB/sindexed 23.07MB in  1s, 37.74MB/sindexed 23.20MB in  1s, 37.92MB/sindexed 23.33MB in  1s, 38.10MB/sindexed 23.46MB in  1s, 38.29MB/sindexed 23.59MB in  1s, 38.47MB/sindexed 23.72MB in  1s, 38.65MB/sindexed 23.85MB in  1s, 38.83MB/sindexed 23.99MB in  1s, 39.01MB/sindexed 24.12MB in  1s, 39.18MB/sindexed 24.25MB in  1s, 39.36MB/sindexed 24.38MB in  1s, 39.54MB/sindexed 24.51MB in  1s, 39.72MB/sindexed 24.64MB in  1s, 39.90MB/sindexed 24.77MB in  1s, 40.07MB/sindexed 24.90MB in  1s, 40.25MB/sindexed 25.03MB in  1s, 40.42MB/sindexed 25.17MB in  1s, 40.60MB/sindexed 25.30MB in  1s, 40.77MB/sindexed 25.43MB in  1s, 40.94MB/sindexed 25.56MB in  1s, 37.52MB/sindexed 25.69MB in  1s, 37.67MB/sindexed 25.82MB in  1s, 37.83MB/sindexed 25.95MB in  1s, 37.99MB/sindexed 26.08MB in  1s, 38.15MB/sindexed 26.21MB in  1s, 38.31MB/sindexed 26.35MB in  1s, 38.48MB/sindexed 26.48MB in  1s, 38.64MB/sindexed 26.61MB in  1s, 38.80MB/sindexed 26.74MB in  1s, 38.96MB/sindexed 26.87MB in  1s, 39.12MB/sindexed 27.00MB in  1s, 39.27MB/sindexed 27.13MB in  1s, 39.43MB/sindexed 27.26MB in  1s, 39.59MB/sindexed 27.39MB in  1s, 39.75MB/sindexed 27.52MB in  1s, 39.91MB/sindexed 27.66MB in  1s, 40.07MB/sindexed 27.79MB in  1s, 40.23MB/sindexed 27.92MB in  1s, 40.38MB/sindexed 28.05MB in  1s, 40.54MB/sindexed 28.18MB in  1s, 40.70MB/sindexed 28.31MB in  1s, 40.86MB/sindexed 28.44MB in  1s, 41.01MB/sindexed 28.57MB in  1s, 41.16MB/sindexed 28.70MB in  1s, 41.11MB/sindexed 28.84MB in  1s, 41.26MB/sindexed 28.97MB in  1s, 41.41MB/sindexed 29.10MB in  1s, 41.56MB/sindexed 29.23MB in  1s, 41.71MB/sindexed 29.36MB in  1s, 41.87MB/sindexed 29.49MB in  1s, 42.02MB/sindexed 29.62MB in  1s, 42.18MB/sindexed 29.75MB in  1s, 42.33MB/sindexed 29.88MB in  1s, 42.48MB/sindexed 30.02MB in  1s, 42.64MB/sindexed 30.15MB in  1s, 42.79MB/sindexed 30.28MB in  1s, 42.94MB/sindexed 30.41MB in  1s, 43.10MB/sindexed 30.54MB in  1s, 43.25MB/sindexed 30.67MB in  1s, 43.40MB/sindexed 30.80MB in  1s, 42.50MB/sindexed 30.93MB in  1s, 42.64MB/sindexed 31.06MB in  1s, 42.78MB/sindexed 31.19MB in  1s, 42.93MB/sindexed 31.33MB in  1s, 43.08MB/sindexed 31.46MB in  1s, 43.22MB/sindexed 31.59MB in  1s, 43.37MB/sindexed 31.72MB in  1s, 43.51MB/sindexed 31.85MB in  1s, 43.66MB/sindexed 31.98MB in  1s, 43.81MB/sindexed 32.11MB in  1s, 43.96MB/sindexed 32.24MB in  1s, 44.10MB/sindexed 32.37MB in  1s, 44.25MB/sindexed 32.51MB in  1s, 44.40MB/sindexed 32.64MB in  1s, 44.54MB/sindexed 32.77MB in  1s, 44.69MB/sindexed 32.90MB in  1s, 44.84MB/sindexed 33.03MB in  1s, 44.99MB/sindexed 33.16MB in  1s, 45.13MB/sindexed 33.29MB in  1s, 45.27MB/sindexed 33.42MB in  1s, 45.42MB/sindexed 33.55MB in  1s, 45.56MB/sindexed 33.56MB in  1s, 45.54MB/s                                                                                                                indexed 2.15GB in  1s, 2.15GB/s                                                                                                                
> unf_dw_edu <-
+   read_csv(sdg_education) %>%
+   write.csv(file.path(rawData , "api_unf_edu.csv"), row.names = FALSE, na = "")
indexed 0B in  0s, 0B/sindexed 1.44MB in  0s, 6.32MB/sindexed 1.57MB in  0s, 6.87MB/sindexed 1.70MB in  0s, 7.42MB/sindexed 1.83MB in  0s, 7.96MB/sindexed 1.97MB in  0s, 8.51MB/sindexed 2.10MB in  0s, 9.06MB/sindexed 2.23MB in  0s, 9.61MB/sindexed 2.36MB in  0s, 10.14MB/sindexed 2.49MB in  0s, 10.68MB/sindexed 2.62MB in  0s, 11.21MB/sindexed 2.75MB in  0s, 11.74MB/sindexed 2.88MB in  0s, 12.27MB/sindexed 3.01MB in  0s, 12.80MB/sindexed 3.15MB in  0s, 13.33MB/sindexed 3.28MB in  0s, 13.86MB/sindexed 3.41MB in  0s, 14.37MB/sindexed 3.54MB in  0s, 14.89MB/sindexed 3.67MB in  0s, 15.41MB/sindexed 3.80MB in  0s, 15.92MB/sindexed 3.93MB in  0s, 16.43MB/sindexed 4.06MB in  0s, 12.95MB/sindexed 4.19MB in  0s, 13.33MB/sindexed 4.33MB in  0s, 13.73MB/sindexed 4.46MB in  0s, 14.12MB/sindexed 4.59MB in  0s, 14.48MB/sindexed 4.72MB in  0s, 14.87MB/sindexed 4.85MB in  0s, 13.73MB/sindexed 4.98MB in  0s, 14.07MB/sindexed 5.11MB in  0s, 14.42MB/sindexed 5.24MB in  0s, 14.76MB/sindexed 5.37MB in  0s, 15.11MB/sindexed 5.50MB in  0s, 15.46MB/sindexed 5.64MB in  0s, 15.80MB/sindexed 5.77MB in  0s, 16.14MB/sindexed 5.90MB in  0s, 16.48MB/sindexed 6.03MB in  0s, 16.82MB/sindexed 6.16MB in  0s, 17.16MB/sindexed 6.29MB in  0s, 17.50MB/sindexed 6.42MB in  0s, 17.84MB/sindexed 6.55MB in  0s, 18.17MB/sindexed 6.68MB in  0s, 18.51MB/sindexed 6.82MB in  0s, 18.84MB/sindexed 6.95MB in  0s, 19.18MB/sindexed 7.08MB in  0s, 19.51MB/sindexed 7.21MB in  0s, 19.85MB/sindexed 7.34MB in  0s, 20.17MB/sindexed 7.47MB in  0s, 20.51MB/sindexed 7.60MB in  0s, 20.84MB/sindexed 7.73MB in  0s, 21.16MB/sindexed 7.86MB in  0s, 21.49MB/sindexed 8.00MB in  0s, 21.82MB/sindexed 8.13MB in  0s, 22.14MB/sindexed 8.26MB in  0s, 22.47MB/sindexed 8.39MB in  0s, 22.79MB/sindexed 8.52MB in  0s, 23.11MB/sindexed 8.65MB in  0s, 23.43MB/sindexed 8.78MB in  0s, 21.12MB/sindexed 8.91MB in  0s, 21.36MB/sindexed 9.04MB in  0s, 21.64MB/sindexed 9.17MB in  0s, 21.92MB/sindexed 9.31MB in  0s, 22.21MB/sindexed 9.44MB in  0s, 22.49MB/sindexed 9.57MB in  0s, 22.78MB/sindexed 9.70MB in  0s, 23.06MB/sindexed 9.83MB in  0s, 23.34MB/sindexed 9.96MB in  0s, 23.63MB/sindexed 10.09MB in  0s, 23.60MB/sindexed 10.22MB in  0s, 23.88MB/sindexed 10.35MB in  0s, 24.15MB/sindexed 10.49MB in  0s, 24.43MB/sindexed 10.62MB in  0s, 24.70MB/sindexed 10.75MB in  0s, 24.97MB/sindexed 10.88MB in  0s, 25.24MB/sindexed 11.01MB in  0s, 25.51MB/sindexed 11.14MB in  0s, 25.77MB/sindexed 11.27MB in  0s, 26.04MB/sindexed 11.40MB in  1s, 20.70MB/sindexed 11.53MB in  1s, 20.89MB/sindexed 11.67MB in  1s, 21.11MB/sindexed 11.80MB in  1s, 21.33MB/sindexed 11.93MB in  1s, 21.54MB/sindexed 12.06MB in  1s, 21.76MB/sindexed 12.19MB in  1s, 21.97MB/sindexed 12.32MB in  1s, 22.18MB/sindexed 12.45MB in  1s, 22.40MB/sindexed 12.58MB in  1s, 22.61MB/sindexed 12.71MB in  1s, 22.83MB/sindexed 12.84MB in  1s, 23.04MB/sindexed 12.98MB in  1s, 23.25MB/sindexed 13.11MB in  1s, 23.46MB/sindexed 13.24MB in  1s, 23.67MB/sindexed 13.37MB in  1s, 23.88MB/sindexed 13.50MB in  1s, 24.10MB/sindexed 13.63MB in  1s, 24.31MB/sindexed 13.76MB in  1s, 24.52MB/sindexed 13.89MB in  1s, 24.73MB/sindexed 14.02MB in  1s, 24.93MB/sindexed 14.16MB in  1s, 25.14MB/sindexed 14.29MB in  1s, 25.35MB/sindexed 14.42MB in  1s, 25.56MB/sindexed 14.55MB in  1s, 25.76MB/sindexed 14.68MB in  1s, 25.97MB/sindexed 14.81MB in  1s, 26.18MB/sindexed 14.94MB in  1s, 26.38MB/sindexed 15.07MB in  1s, 26.58MB/sindexed 15.20MB in  1s, 26.78MB/sindexed 15.34MB in  1s, 26.99MB/sindexed 15.47MB in  1s, 27.20MB/sindexed 15.60MB in  1s, 27.40MB/sindexed 15.73MB in  1s, 27.61MB/sindexed 15.86MB in  1s, 27.81MB/sindexed 15.99MB in  1s, 28.01MB/sindexed 16.12MB in  1s, 28.22MB/sindexed 16.25MB in  1s, 28.42MB/sindexed 16.38MB in  1s, 28.63MB/sindexed 16.51MB in  1s, 28.83MB/sindexed 16.65MB in  1s, 29.03MB/sindexed 16.78MB in  1s, 29.23MB/sindexed 16.91MB in  1s, 29.43MB/sindexed 17.04MB in  1s, 29.63MB/sindexed 17.17MB in  1s, 29.83MB/sindexed 17.30MB in  1s, 30.02MB/sindexed 17.43MB in  1s, 30.22MB/sindexed 17.56MB in  1s, 30.33MB/sindexed 17.69MB in  1s, 30.52MB/sindexed 17.83MB in  1s, 30.71MB/sindexed 17.96MB in  1s, 30.91MB/sindexed 18.09MB in  1s, 31.11MB/sindexed 18.22MB in  1s, 31.29MB/sindexed 18.35MB in  1s, 31.49MB/sindexed 18.48MB in  1s, 31.68MB/sindexed 18.61MB in  1s, 26.79MB/sindexed 18.74MB in  1s, 26.94MB/sindexed 18.87MB in  1s, 27.11MB/sindexed 19.01MB in  1s, 27.27MB/sindexed 19.14MB in  1s, 27.44MB/sindexed 19.27MB in  1s, 27.61MB/sindexed 19.40MB in  1s, 27.77MB/sindexed 19.53MB in  1s, 27.94MB/sindexed 19.66MB in  1s, 28.10MB/sindexed 19.79MB in  1s, 28.26MB/sindexed 19.92MB in  1s, 28.43MB/sindexed 20.05MB in  1s, 28.59MB/sindexed 20.18MB in  1s, 28.75MB/sindexed 20.32MB in  1s, 28.92MB/sindexed 20.45MB in  1s, 29.08MB/sindexed 20.58MB in  1s, 29.24MB/sindexed 20.71MB in  1s, 29.40MB/sindexed 20.84MB in  1s, 29.56MB/sindexed 20.97MB in  1s, 29.72MB/sindexed 21.10MB in  1s, 29.88MB/sindexed 21.23MB in  1s, 30.04MB/sindexed 21.36MB in  1s, 30.20MB/sindexed 21.50MB in  1s, 30.36MB/sindexed 21.63MB in  1s, 30.52MB/sindexed 21.76MB in  1s, 30.68MB/sindexed 21.89MB in  1s, 30.84MB/sindexed 22.02MB in  1s, 30.99MB/sindexed 22.15MB in  1s, 31.14MB/sindexed 22.28MB in  1s, 31.29MB/sindexed 22.41MB in  1s, 31.44MB/sindexed 22.54MB in  1s, 31.60MB/sindexed 22.68MB in  1s, 31.75MB/sindexed 22.81MB in  1s, 31.90MB/sindexed 22.94MB in  1s, 32.06MB/sindexed 23.07MB in  1s, 32.21MB/sindexed 23.20MB in  1s, 32.37MB/sindexed 23.33MB in  1s, 32.53MB/sindexed 23.46MB in  1s, 32.69MB/sindexed 23.59MB in  1s, 32.84MB/sindexed 23.72MB in  1s, 33.00MB/sindexed 23.85MB in  1s, 33.15MB/sindexed 23.99MB in  1s, 33.31MB/sindexed 24.12MB in  1s, 33.47MB/sindexed 24.25MB in  1s, 33.61MB/sindexed 24.38MB in  1s, 33.76MB/sindexed 24.51MB in  1s, 33.91MB/sindexed 24.64MB in  1s, 34.06MB/sindexed 24.77MB in  1s, 34.22MB/sindexed 24.90MB in  1s, 34.37MB/sindexed 25.03MB in  1s, 34.52MB/sindexed 25.17MB in  1s, 34.67MB/sindexed 25.30MB in  1s, 34.82MB/sindexed 25.43MB in  1s, 34.98MB/sindexed 25.56MB in  1s, 34.34MB/sindexed 25.69MB in  1s, 34.48MB/sindexed 25.82MB in  1s, 34.63MB/sindexed 25.95MB in  1s, 34.78MB/sindexed 26.08MB in  1s, 34.93MB/sindexed 26.21MB in  1s, 35.08MB/sindexed 26.35MB in  1s, 35.23MB/sindexed 26.48MB in  1s, 35.38MB/sindexed 26.61MB in  1s, 35.53MB/sindexed 26.74MB in  1s, 35.68MB/sindexed 26.87MB in  1s, 35.83MB/sindexed 27.00MB in  1s, 35.97MB/sindexed 27.13MB in  1s, 36.12MB/sindexed 27.26MB in  1s, 36.27MB/sindexed 27.39MB in  1s, 36.42MB/sindexed 27.52MB in  1s, 36.55MB/sindexed 27.66MB in  1s, 36.69MB/sindexed 27.79MB in  1s, 36.84MB/sindexed 27.92MB in  1s, 36.98MB/sindexed 28.05MB in  1s, 37.13MB/sindexed 28.16MB in  1s, 37.24MB/s                                                                                                                indexed 2.15GB in  1s, 2.15GB/s                                                                                                                
> # unf_dw_anaem <-
> #   read_csv(sdg_anaemia) %>%
> #   write.csv(file.path(rawData , "api_unf_anaem.csv"), row.names = FALSE, na = "")
> 
> unf_dw_ .... [TRUNCATED] 
indexed 0B in  0s, 0B/sindexed 2.23MB in  0s, 9.96MB/sindexed 2.36MB in  0s, 10.51MB/sindexed 2.49MB in  0s, 11.05MB/sindexed 2.62MB in  0s, 11.60MB/sindexed 2.75MB in  0s, 12.15MB/sindexed 2.88MB in  0s, 12.66MB/sindexed 3.01MB in  0s, 13.20MB/sindexed 3.15MB in  0s, 13.73MB/sindexed 3.28MB in  0s, 14.27MB/sindexed 3.41MB in  0s, 14.80MB/sindexed 3.54MB in  0s, 15.33MB/sindexed 3.67MB in  0s, 15.86MB/sindexed 3.80MB in  0s, 16.38MB/sindexed 3.93MB in  0s, 16.90MB/sindexed 4.06MB in  0s, 17.41MB/sindexed 4.19MB in  0s, 17.93MB/sindexed 4.33MB in  0s, 18.44MB/sindexed 4.46MB in  0s, 18.95MB/sindexed 4.59MB in  0s, 19.45MB/sindexed 4.72MB in  0s, 19.96MB/sindexed 4.85MB in  0s, 20.46MB/sindexed 4.98MB in  0s, 16.13MB/sindexed 5.11MB in  0s, 16.51MB/sindexed 5.24MB in  0s, 16.90MB/sindexed 5.37MB in  0s, 17.29MB/sindexed 5.50MB in  0s, 17.61MB/sindexed 5.64MB in  0s, 18.00MB/sindexed 5.76MB in  0s, 18.37MB/s                                                                                                                indexed 2.15GB in  0s, 2.15GB/s                                                                                                                
> unf_dw_hiv <-
+   read_csv(sdg_hiv) %>%
+   write.csv(file.path(rawData , "api_unf_hiv.csv"), row.names = FALSE, na = "")
indexed 0B in  0s, 0B/sindexed 2.36MB in  0s, 10.69MB/sindexed 2.49MB in  0s, 11.25MB/sindexed 2.62MB in  0s, 11.81MB/sindexed 2.75MB in  0s, 11.85MB/sindexed 2.88MB in  0s, 12.39MB/sindexed 3.01MB in  0s, 12.92MB/sindexed 3.15MB in  0s, 13.44MB/sindexed 3.28MB in  0s, 13.97MB/sindexed 3.41MB in  0s, 14.50MB/sindexed 3.54MB in  0s, 15.02MB/sindexed 3.67MB in  0s, 15.51MB/sindexed 3.80MB in  0s, 16.03MB/sindexed 3.93MB in  0s, 16.54MB/sindexed 4.06MB in  0s, 17.04MB/sindexed 4.19MB in  0s, 17.56MB/sindexed 4.33MB in  0s, 18.07MB/sindexed 4.46MB in  0s, 18.58MB/sindexed 4.59MB in  0s, 19.08MB/sindexed 4.72MB in  0s, 19.58MB/sindexed 4.85MB in  0s, 20.09MB/sindexed 4.98MB in  0s, 15.16MB/sindexed 5.11MB in  0s, 15.52MB/sindexed 5.24MB in  0s, 15.90MB/sindexed 5.37MB in  0s, 16.27MB/sindexed 5.50MB in  0s, 16.64MB/sindexed 5.60MB in  0s, 16.89MB/s                                                                                                                indexed 2.15GB in  0s, 2.15GB/s                                                                                                                
> # unique(unf_dw_hiv$INDICATOR) has to be HVA_EPI_INF_RT
> 
> unf_dw_wash <-
+   read_csv(sdg_wash) %>%
+   write.csv(file.path(rawData , "api_unf_wa ..." ... [TRUNCATED] 
indexed 0B in  0s, 0B/sindexed 1.97MB in  0s, 9.21MB/sindexed 2.10MB in  0s, 9.79MB/sindexed 2.23MB in  0s, 10.35MB/sindexed 2.36MB in  0s, 10.93MB/sindexed 2.49MB in  0s, 11.51MB/sindexed 2.62MB in  0s, 12.08MB/sindexed 2.75MB in  0s, 12.65MB/sindexed 2.88MB in  0s, 13.22MB/sindexed 3.01MB in  0s, 13.78MB/sindexed 3.15MB in  0s, 13.97MB/sindexed 3.28MB in  0s, 14.51MB/sindexed 3.41MB in  0s, 14.83MB/sindexed 3.54MB in  0s, 15.36MB/sindexed 3.67MB in  0s, 15.89MB/sindexed 3.80MB in  0s, 16.42MB/sindexed 3.93MB in  0s, 12.43MB/sindexed 4.06MB in  0s, 12.81MB/sindexed 4.19MB in  0s, 13.15MB/sindexed 4.33MB in  0s, 13.53MB/sindexed 4.46MB in  0s, 13.92MB/sindexed 4.59MB in  0s, 14.30MB/sindexed 4.72MB in  0s, 14.25MB/sindexed 4.85MB in  0s, 14.62MB/sindexed 4.98MB in  0s, 14.98MB/sindexed 5.11MB in  0s, 15.35MB/sindexed 5.24MB in  0s, 15.72MB/sindexed 5.37MB in  0s, 16.08MB/sindexed 5.50MB in  0s, 16.44MB/sindexed 5.64MB in  0s, 16.80MB/sindexed 5.77MB in  0s, 17.16MB/sindexed 5.90MB in  0s, 17.52MB/sindexed 6.03MB in  0s, 17.87MB/sindexed 6.16MB in  0s, 18.23MB/sindexed 6.29MB in  0s, 18.59MB/sindexed 6.42MB in  0s, 18.94MB/sindexed 6.55MB in  0s, 19.30MB/sindexed 6.68MB in  0s, 19.65MB/sindexed 6.82MB in  0s, 19.90MB/sindexed 6.95MB in  0s, 20.25MB/sindexed 7.08MB in  0s, 20.59MB/sindexed 7.21MB in  0s, 20.94MB/sindexed 7.34MB in  0s, 21.29MB/sindexed 7.47MB in  0s, 21.63MB/sindexed 7.60MB in  0s, 21.97MB/sindexed 7.73MB in  0s, 22.29MB/sindexed 7.86MB in  0s, 22.53MB/sindexed 8.00MB in  0s, 18.14MB/sindexed 8.13MB in  0s, 18.40MB/sindexed 8.26MB in  0s, 18.68MB/sindexed 8.39MB in  0s, 18.95MB/sindexed 8.52MB in  0s, 19.22MB/sindexed 8.65MB in  0s, 19.49MB/sindexed 8.78MB in  0s, 19.76MB/sindexed 8.91MB in  0s, 20.02MB/sindexed 9.04MB in  0s, 20.29MB/sindexed 9.17MB in  0s, 20.56MB/sindexed 9.31MB in  0s, 20.83MB/sindexed 9.44MB in  0s, 21.09MB/sindexed 9.57MB in  0s, 21.36MB/sindexed 9.70MB in  0s, 21.62MB/sindexed 9.83MB in  0s, 21.89MB/sindexed 9.96MB in  0s, 22.15MB/sindexed 10.09MB in  0s, 22.41MB/sindexed 10.22MB in  0s, 22.67MB/sindexed 10.35MB in  0s, 22.92MB/sindexed 10.49MB in  0s, 23.18MB/sindexed 10.62MB in  0s, 23.44MB/sindexed 10.75MB in  0s, 23.69MB/sindexed 10.88MB in  0s, 23.95MB/sindexed 11.01MB in  0s, 24.20MB/sindexed 11.14MB in  0s, 23.30MB/sindexed 11.27MB in  0s, 23.54MB/sindexed 11.40MB in  0s, 23.78MB/sindexed 11.53MB in  0s, 24.03MB/sindexed 11.67MB in  0s, 24.27MB/sindexed 11.80MB in  0s, 24.51MB/sindexed 11.93MB in  0s, 24.75MB/sindexed 12.06MB in  0s, 24.99MB/sindexed 12.19MB in  0s, 25.23MB/sindexed 12.32MB in  0s, 25.46MB/sindexed 12.45MB in  0s, 25.70MB/sindexed 12.58MB in  0s, 25.93MB/sindexed 12.71MB in  0s, 26.17MB/sindexed 12.84MB in  0s, 26.41MB/sindexed 12.98MB in  0s, 26.64MB/sindexed 13.11MB in  0s, 26.88MB/sindexed 13.24MB in  0s, 27.12MB/sindexed 13.37MB in  0s, 27.35MB/sindexed 13.50MB in  0s, 27.59MB/sindexed 13.63MB in  0s, 27.83MB/sindexed 13.76MB in  0s, 28.06MB/sindexed 13.89MB in  0s, 28.29MB/sindexed 14.02MB in  0s, 28.52MB/sindexed 14.16MB in  1s, 28.30MB/sindexed 14.29MB in  1s, 28.52MB/sindexed 14.42MB in  1s, 28.75MB/sindexed 14.55MB in  1s, 28.98MB/sindexed 14.68MB in  1s, 29.20MB/sindexed 14.81MB in  1s, 29.43MB/sindexed 14.94MB in  1s, 29.65MB/sindexed 15.07MB in  1s, 29.88MB/sindexed 15.20MB in  1s, 30.10MB/sindexed 15.34MB in  1s, 30.33MB/sindexed 15.47MB in  1s, 30.56MB/sindexed 15.60MB in  1s, 30.59MB/sindexed 15.73MB in  1s, 30.82MB/sindexed 15.86MB in  1s, 31.04MB/sindexed 15.99MB in  1s, 31.26MB/sindexed 16.12MB in  1s, 30.21MB/sindexed 16.25MB in  1s, 30.41MB/sindexed 16.38MB in  1s, 30.62MB/sindexed 16.51MB in  1s, 30.83MB/sindexed 16.65MB in  1s, 31.04MB/sindexed 16.78MB in  1s, 31.25MB/sindexed 16.91MB in  1s, 31.46MB/sindexed 17.04MB in  1s, 31.67MB/sindexed 17.17MB in  1s, 31.88MB/sindexed 17.30MB in  1s, 32.09MB/sindexed 17.43MB in  1s, 32.30MB/sindexed 17.56MB in  1s, 32.51MB/sindexed 17.69MB in  1s, 32.72MB/sindexed 17.83MB in  1s, 32.92MB/sindexed 17.85MB in  1s, 32.94MB/s                                                                                                                indexed 2.15GB in  1s, 2.15GB/s                                                                                                                
> unf_dw_mnch <-
+   read_csv(sdg_mnch) %>%
+   write.csv(file.path(rawData , "api_unf_mnch.csv"), row.names = FALSE, na = "")
indexed 0B in  0s, 0B/sindexed 1.57MB in  0s, 7.67MB/sindexed 1.70MB in  0s, 8.27MB/sindexed 1.83MB in  0s, 8.87MB/sindexed 1.97MB in  0s, 9.48MB/sindexed 2.10MB in  0s, 10.07MB/sindexed 2.23MB in  0s, 10.66MB/sindexed 2.36MB in  0s, 11.25MB/sindexed 2.49MB in  0s, 11.74MB/sindexed 2.62MB in  0s, 12.31MB/sindexed 2.75MB in  0s, 12.88MB/s                                                                                                                indexed 2.88MB in  0s, 9.06MB/sindexed 3.01MB in  0s, 9.44MB/sindexed 3.15MB in  0s, 9.83MB/sindexed 3.28MB in  0s, 10.22MB/sindexed 3.41MB in  0s, 10.61MB/sindexed 3.54MB in  0s, 10.99MB/sindexed 3.67MB in  0s, 11.37MB/sindexed 3.80MB in  0s, 11.76MB/sindexed 3.93MB in  0s, 12.14MB/sindexed 4.06MB in  0s, 12.51MB/sindexed 4.19MB in  0s, 12.89MB/sindexed 4.33MB in  0s, 13.26MB/sindexed 4.46MB in  0s, 13.63MB/sindexed 4.59MB in  0s, 14.00MB/sindexed 4.72MB in  0s, 14.37MB/sindexed 4.85MB in  0s, 14.73MB/sindexed 4.98MB in  0s, 15.02MB/sindexed 5.11MB in  0s, 15.37MB/sindexed 5.24MB in  0s, 15.73MB/sindexed 5.37MB in  0s, 15.70MB/sindexed 5.50MB in  0s, 16.04MB/sindexed 5.64MB in  0s, 16.38MB/sindexed 5.77MB in  0s, 13.98MB/sindexed 5.90MB in  0s, 14.27MB/sindexed 6.03MB in  0s, 14.56MB/sindexed 6.16MB in  0s, 14.82MB/sindexed 6.29MB in  0s, 15.10MB/sindexed 6.42MB in  0s, 15.39MB/sindexed 6.55MB in  0s, 15.68MB/sindexed 6.68MB in  0s, 15.97MB/sindexed 6.82MB in  0s, 16.25MB/sindexed 6.95MB in  1s, 13.46MB/sindexed 7.08MB in  1s, 13.69MB/sindexed 7.21MB in  1s, 13.93MB/sindexed 7.34MB in  1s, 14.16MB/sindexed 7.47MB in  1s, 14.39MB/sindexed 7.60MB in  1s, 14.62MB/sindexed 7.73MB in  1s, 14.85MB/sindexed 7.86MB in  1s, 15.08MB/sindexed 8.00MB in  1s, 15.31MB/sindexed 8.13MB in  1s, 15.54MB/sindexed 8.26MB in  1s, 15.77MB/sindexed 8.39MB in  1s, 15.98MB/sindexed 8.52MB in  1s, 16.21MB/sindexed 8.65MB in  1s, 16.43MB/sindexed 8.78MB in  1s, 16.65MB/sindexed 8.91MB in  1s, 16.87MB/sindexed 9.04MB in  1s, 17.10MB/sindexed 9.17MB in  1s, 17.32MB/sindexed 9.31MB in  1s, 17.54MB/sindexed 9.44MB in  1s, 17.76MB/sindexed 9.57MB in  1s, 17.98MB/sindexed 9.70MB in  1s, 18.20MB/sindexed 9.83MB in  1s, 18.43MB/sindexed 9.96MB in  1s, 18.65MB/sindexed 10.09MB in  1s, 18.87MB/sindexed 10.22MB in  1s, 19.09MB/sindexed 10.35MB in  1s, 19.31MB/sindexed 10.49MB in  1s, 19.47MB/sindexed 10.62MB in  1s, 19.68MB/sindexed 10.75MB in  1s, 19.90MB/sindexed 10.88MB in  1s, 20.11MB/sindexed 11.01MB in  1s, 20.32MB/sindexed 11.14MB in  1s, 20.52MB/sindexed 11.27MB in  1s, 20.73MB/sindexed 11.40MB in  1s, 20.94MB/sindexed 11.53MB in  1s, 21.15MB/sindexed 11.67MB in  1s, 21.37MB/sindexed 11.80MB in  1s, 21.57MB/sindexed 11.93MB in  1s, 21.78MB/sindexed 12.06MB in  1s, 21.98MB/sindexed 12.19MB in  1s, 22.20MB/sindexed 12.32MB in  1s, 22.41MB/sindexed 12.45MB in  1s, 22.61MB/sindexed 12.58MB in  1s, 22.83MB/sindexed 12.71MB in  1s, 23.04MB/sindexed 12.84MB in  1s, 23.25MB/sindexed 12.98MB in  1s, 23.28MB/sindexed 13.11MB in  1s, 23.48MB/sindexed 13.24MB in  1s, 23.67MB/sindexed 13.37MB in  1s, 23.88MB/sindexed 13.50MB in  1s, 24.09MB/sindexed 13.63MB in  1s, 24.29MB/sindexed 13.76MB in  1s, 24.49MB/sindexed 13.89MB in  1s, 24.68MB/sindexed 14.02MB in  1s, 24.89MB/sindexed 14.16MB in  1s, 25.09MB/sindexed 14.29MB in  1s, 25.29MB/sindexed 14.41MB in  1s, 25.47MB/s                                                                                                                indexed 2.15GB in  1s, 2.15GB/s                                                                                                                
> # View(unf_dw_mnch)
> 
> unf_dw_cp <-
+   read_csv(sdg_cp) %>%
+   # for birth registration, we extract only age from 0 to 4
+   mutate(br_drop = if .... [TRUNCATED] 
indexed 0B in  0s, 0B/sindexed 1.57MB in  0s, 7.15MB/sindexed 1.70MB in  0s, 7.71MB/sindexed 1.83MB in  0s, 8.27MB/sindexed 1.97MB in  0s, 8.82MB/sindexed 2.10MB in  0s, 9.38MB/sindexed 2.23MB in  0s, 9.94MB/sindexed 2.36MB in  0s, 10.48MB/sindexed 2.49MB in  0s, 11.04MB/sindexed 2.62MB in  0s, 11.58MB/sindexed 2.75MB in  0s, 12.13MB/sindexed 2.84MB in  0s, 12.49MB/s                                                                                                                indexed 2.15GB in  0s, 2.15GB/s                                                                                                                âš  WARNING in 012_run.R : One or more parsing issues, call `problems()` on your data frame for details, e.g.:
  dat <- vroom(...)
  problems(dat) 

--- Executing:  022_run.R  [ D:/jazevedo/GitHub/mytasks/PROD-SDG-REP-2025/02_benchmarking/022_codes/012_run.R ] ---
âš  WARNING in 022_run.R : cannot open file 'D:/jazevedo/GitHub/mytasks/PROD-SDG-REP-2025/02_benchmarking/022_codes/012_run.R': No such file or directory 

=========================================================
âœ… SDG 2025 Run completed at:  2025-06-12 14:59:21 
=========================================================
